// Vitest Snapshot v1, https://vitest.dev/guide/snapshot.html

exports[`lightTheme tokens > matches the accessibility-locked palette snapshot 1`] = `
{
  "accent": "#0023e6",
  "accentLight": "rgba(0,35,230,0.08)",
  "accentText": "#ffffff",
  "background": "#f6f9ff",
  "backgroundSecondary": "#eef4ff",
  "badgeErrorBg": "#fee2e2",
  "badgeErrorText": "#dc2626",
  "badgeInfoBg": "#dbeafe",
  "badgeInfoText": "#1d4ed8",
  "badgeSuccessBg": "#dcfce7",
  "badgeSuccessText": "#0f9d58",
  "badgeWarningBg": "#fef3c7",
  "badgeWarningText": "#a16207",
  "border": "rgba(180,196,224,0.45)",
  "borderFocus": "#0023e6",
  "btnDangerBg": "#fee2e2",
  "btnDangerText": "#dc2626",
  "btnPrimaryBg": "#0023e6",
  "btnPrimaryText": "#ffffff",
  "btnSecondaryBg": "rgba(0,35,230,0.08)",
  "btnSecondaryBorder": "rgba(0,35,230,0.25)",
  "btnSecondaryText": "#0023e6",
  "cardBg": "#ffffff",
  "cardBorder": "rgba(180,196,224,0.45)",
  "cardShadow": "0 1px 2px rgba(11,21,48,0.06), 0 12px 30px -18px rgba(11,21,48,0.22)",
  "divider": "rgba(180,196,224,0.30)",
  "headerBg": "#ffffff",
  "headerBorder": "rgba(180,196,224,0.40)",
  "headerShadow": "0 1px 2px rgba(11,21,48,0.06), 0 12px 30px -18px rgba(11,21,48,0.22)",
  "headerText": "#08102a",
  "inputBg": "#ffffff",
  "inputBorder": "rgba(180,196,224,0.55)",
  "inputBorderFocus": "#0023e6",
  "inputPlaceholder": "#8492aa",
  "inputText": "#08102a",
  "listItemBg": "#ffffff",
  "listItemBorder": "rgba(180,196,224,0.30)",
  "listItemHover": "#f7f9ff",
  "liveBadgeBg": "#dcfce7",
  "liveBadgeDot": "#0f9d58",
  "liveBadgeText": "#0f9d58",
  "navActiveBg": "rgba(0,35,230,0.08)",
  "navBg": "#ffffff",
  "navBorder": "rgba(180,196,224,0.40)",
  "navIconActive": "#0023e6",
  "navIconInactive": "#5a6987",
  "navLabelActive": "#0023e6",
  "navLabelInactive": "#5a6987",
  "pillBg": "rgba(0,35,230,0.08)",
  "pillBorder": "rgba(0,35,230,0.20)",
  "pillText": "#0023e6",
  "statActive": "#b77916",
  "statAnswered": "#0f9d58",
  "statDuration": "#0b91bb",
  "statMissed": "#dc2626",
  "statOnline": "#047857",
  "statRate": "#6544d8",
  "statTotal": "#0023e6",
  "statVoicemail": "#d97706",
  "statusAway": "#d97706",
  "statusBusy": "#dc2626",
  "statusOffline": "#8492aa",
  "statusOnline": "#0f9d58",
  "surface": "#ffffff",
  "surfaceHover": "#ffffff",
  "textDisabled": "#8492aa",
  "textMuted": "#5a6987",
  "textPrimary": "#08102a",
  "textSecondary": "#33425e",
}
`;
